sysv@linux:~/docnotes/OS$ lz
The program 'lz' is currently not installed. You can install it by typing:
sudo apt install mtools
sysv@linux:~/docnotes/OS$ ls
boot.iso  boot.s        iso       kernel.o  kern.sh     keyboard.o  loader.s
boot.o    commands.txt  kernel.c  kern.ld   keyboard.c  loader      myos.bin
sysv@linux:~/docnotes/OS$ sh kern.sh 
kernel.c: In function 'scroll_up':
kernel.c:99:21: warning: comparison between signed and unsigned integer expressions [-Wsign-compare]
   for (rows = 0;rows<=VGA_HEIGHT;rows++){
                     ^~
kernel.c:100:25: warning: comparison between signed and unsigned integer expressions [-Wsign-compare]
     for (cols = 0; cols <= VGA_WIDTH; cols++){
                         ^~
kernel.c:98:7: warning: unused variable 'high_row' [-Wunused-variable]
   int high_row = 0;
       ^~~~~~~~
keyboard.c: In function 'keyboard_to_ascii':
keyboard.c:84:9: warning: comparison is always false due to limited range of data type [-Wtype-limits]
  if(key == POINT_RELEASED) return '.';
         ^~
keyboard.c:85:9: warning: comparison is always false due to limited range of data type [-Wtype-limits]
  if(key == SLASH_RELEASED) return '/';
         ^~
sysv@linux:~/docnotes/OS$ sh kern.sh 
kernel.c: In function 'scroll_up':
kernel.c:99:21: warning: comparison between signed and unsigned integer expressions [-Wsign-compare]
   for (rows = 0;rows<=VGA_HEIGHT;rows++){
                     ^~
kernel.c:100:25: warning: comparison between signed and unsigned integer expressions [-Wsign-compare]
     for (cols = 0; cols <= VGA_WIDTH; cols++){
                         ^~
kernel.c:98:7: warning: unused variable 'high_row' [-Wunused-variable]
   int high_row = 0;
       ^~~~~~~~
keyboard.c: In function 'keyboard_to_ascii':
keyboard.c:84:9: warning: comparison is always false due to limited range of data type [-Wtype-limits]
  if(key == POINT_RELEASED) return '.';
         ^~
keyboard.c:85:9: warning: comparison is always false due to limited range of data type [-Wtype-limits]
  if(key == SLASH_RELEASED) return '/';
         ^~
sysv@linux:~/docnotes/OS$ sh kern.sh 
kernel.c: In function 'scroll_up':
kernel.c:99:21: warning: comparison between signed and unsigned integer expressions [-Wsign-compare]
   for (rows = 0;rows<=VGA_HEIGHT;rows++){
                     ^~
kernel.c:100:25: warning: comparison between signed and unsigned integer expressions [-Wsign-compare]
     for (cols = 0; cols <= VGA_WIDTH; cols++){
                         ^~
kernel.c:98:7: warning: unused variable 'high_row' [-Wunused-variable]
   int high_row = 0;
       ^~~~~~~~
keyboard.c: In function 'keyboard_to_ascii':
keyboard.c:84:9: warning: comparison is always false due to limited range of data type [-Wtype-limits]
  if(key == POINT_RELEASED) return '.';
         ^~
keyboard.c:85:9: warning: comparison is always false due to limited range of data type [-Wtype-limits]
  if(key == SLASH_RELEASED) return '/';
         ^~
sysv@linux:~/docnotes/OS$ sh kern.sh 
kernel.c: In function 'scroll_up':
kernel.c:99:21: warning: comparison between signed and unsigned integer expressions [-Wsign-compare]
   for (rows = 0;rows<=VGA_HEIGHT;rows++){
                     ^~
kernel.c:100:25: warning: comparison between signed and unsigned integer expressions [-Wsign-compare]
     for (cols = 0; cols <= VGA_WIDTH; cols++){
                         ^~
kernel.c:98:7: warning: unused variable 'high_row' [-Wunused-variable]
   int high_row = 0;
       ^~~~~~~~
keyboard.c: In function 'keyboard_to_ascii':
keyboard.c:84:9: warning: comparison is always false due to limited range of data type [-Wtype-limits]
  if(key == POINT_RELEASED) return '.';
         ^~
keyboard.c:85:9: warning: comparison is always false due to limited range of data type [-Wtype-limits]
  if(key == SLASH_RELEASED) return '/';
         ^~
sysv@linux:~/docnotes/OS$ sh kern.sh 
kernel.c: In function 'scroll_up':
kernel.c:99:21: warning: comparison between signed and unsigned integer expressions [-Wsign-compare]
   for (rows = 0;rows<=VGA_HEIGHT;rows++){
                     ^~
kernel.c:100:25: warning: comparison between signed and unsigned integer expressions [-Wsign-compare]
     for (cols = 0; cols <= VGA_WIDTH; cols++){
                         ^~
kernel.c:98:7: warning: unused variable 'high_row' [-Wunused-variable]
   int high_row = 0;
       ^~~~~~~~
keyboard.c: In function 'keyboard_to_ascii':
keyboard.c:84:9: warning: comparison is always false due to limited range of data type [-Wtype-limits]
  if(key == POINT_RELEASED) return '.';
         ^~
keyboard.c:85:9: warning: comparison is always false due to limited range of data type [-Wtype-limits]
  if(key == SLASH_RELEASED) return '/';
         ^~
sysv@linux:~/docnotes/OS$ sh kern.sh 
kernel.c: In function 'scroll_up':
kernel.c:99:21: warning: comparison between signed and unsigned integer expressions [-Wsign-compare]
   for (rows = 0;rows<=VGA_HEIGHT;rows++){
                     ^~
kernel.c:100:25: warning: comparison between signed and unsigned integer expressions [-Wsign-compare]
     for (cols = 0; cols <= VGA_WIDTH; cols++){
                         ^~
kernel.c:98:7: warning: unused variable 'high_row' [-Wunused-variable]
   int high_row = 0;
       ^~~~~~~~
keyboard.c: In function 'keyboard_to_ascii':
keyboard.c:84:9: warning: comparison is always false due to limited range of data type [-Wtype-limits]
  if(key == POINT_RELEASED) return '.';
         ^~
keyboard.c:85:9: warning: comparison is always false due to limited range of data type [-Wtype-limits]
  if(key == SLASH_RELEASED) return '/';
         ^~
sysv@linux:~/docnotes/OS$ sh kern.sh 
kernel.c: In function 'scroll_up':
kernel.c:99:21: warning: comparison between signed and unsigned integer expressions [-Wsign-compare]
   for (rows = 0;rows<=VGA_HEIGHT;rows++){
                     ^~
kernel.c:100:25: warning: comparison between signed and unsigned integer expressions [-Wsign-compare]
     for (cols = 0; cols <= VGA_WIDTH; cols++){
                         ^~
kernel.c:98:7: warning: unused variable 'high_row' [-Wunused-variable]
   int high_row = 0;
       ^~~~~~~~
keyboard.c: In function 'keyboard_to_ascii':
keyboard.c:84:9: warning: comparison is always false due to limited range of data type [-Wtype-limits]
  if(key == POINT_RELEASED) return '.';
         ^~
keyboard.c:85:9: warning: comparison is always false due to limited range of data type [-Wtype-limits]
  if(key == SLASH_RELEASED) return '/';
         ^~
sysv@linux:~/docnotes/OS$ sh kern.sh 
kernel.c: In function 'scroll_up':
kernel.c:99:21: warning: comparison between signed and unsigned integer expressions [-Wsign-compare]
   for (rows = 0;rows<=VGA_HEIGHT;rows++){
                     ^~
kernel.c:100:25: warning: comparison between signed and unsigned integer expressions [-Wsign-compare]
     for (cols = 0; cols <= VGA_WIDTH; cols++){
                         ^~
kernel.c:98:7: warning: unused variable 'high_row' [-Wunused-variable]
   int high_row = 0;
       ^~~~~~~~
keyboard.c: In function 'keyboard_to_ascii':
keyboard.c:84:9: warning: comparison is always false due to limited range of data type [-Wtype-limits]
  if(key == POINT_RELEASED) return '.';
         ^~
keyboard.c:85:9: warning: comparison is always false due to limited range of data type [-Wtype-limits]
  if(key == SLASH_RELEASED) return '/';
         ^~
sysv@linux:~/docnotes/OS$ sh kern.sh 
kernel.c: In function 'scroll_up':
kernel.c:99:21: warning: comparison between signed and unsigned integer expressions [-Wsign-compare]
   for (rows = 0;rows<=VGA_HEIGHT;rows++){
                     ^~
kernel.c:100:25: warning: comparison between signed and unsigned integer expressions [-Wsign-compare]
     for (cols = 0; cols <= VGA_WIDTH; cols++){
                         ^~
kernel.c:98:7: warning: unused variable 'high_row' [-Wunused-variable]
   int high_row = 0;
       ^~~~~~~~
keyboard.c: In function 'keyboard_to_ascii':
keyboard.c:84:9: warning: comparison is always false due to limited range of data type [-Wtype-limits]
  if(key == POINT_RELEASED) return '.';
         ^~
keyboard.c:85:9: warning: comparison is always false due to limited range of data type [-Wtype-limits]
  if(key == SLASH_RELEASED) return '/';
         ^~
sh kern.sh   C-c C-cqemu-system-i386: terminating on signal 2

sysv@linux:~/docnotes/OS$ sh kern.sh 
kernel.c: In function 'scroll_up':
kernel.c:99:21: warning: comparison between signed and unsigned integer expressions [-Wsign-compare]
   for (rows = 0;rows<=VGA_HEIGHT;rows++){
                     ^~
kernel.c:100:25: warning: comparison between signed and unsigned integer expressions [-Wsign-compare]
     for (cols = 0; cols <= VGA_WIDTH; cols++){
                         ^~
kernel.c:98:7: warning: unused variable 'high_row' [-Wunused-variable]
   int high_row = 0;
       ^~~~~~~~
keyboard.c: In function 'keyboard_to_ascii':
keyboard.c:84:9: warning: comparison is always false due to limited range of data type [-Wtype-limits]
  if(key == POINT_RELEASED) return '.';
         ^~
keyboard.c:85:9: warning: comparison is always false due to limited range of data type [-Wtype-limits]
  if(key == SLASH_RELEASED) return '/';
         ^~
sysv@linux:~/docnotes/OS$ sh kern.sh 
kernel.c: In function 'scroll_up':
kernel.c:99:21: warning: comparison between signed and unsigned integer expressions [-Wsign-compare]
   for (rows = 0;rows<=VGA_HEIGHT;rows++){
                     ^~
kernel.c:100:25: warning: comparison between signed and unsigned integer expressions [-Wsign-compare]
     for (cols = 0; cols <= VGA_WIDTH; cols++){
                         ^~
kernel.c:98:7: warning: unused variable 'high_row' [-Wunused-variable]
   int high_row = 0;
       ^~~~~~~~
keyboard.c: In function 'keyboard_to_ascii':
keyboard.c:84:9: warning: comparison is always false due to limited range of data type [-Wtype-limits]
  if(key == POINT_RELEASED) return '.';
         ^~
keyboard.c:85:9: warning: comparison is always false due to limited range of data type [-Wtype-limits]
  if(key == SLASH_RELEASED) return '/';
         ^~
sysv@linux:~/docnotes/OS$ sh kern.sh 
kernel.c: In function 'scroll_up':
kernel.c:99:21: warning: comparison between signed and unsigned integer expressions [-Wsign-compare]
   for (rows = 0;rows<=VGA_HEIGHT;rows++){
                     ^~
kernel.c:100:25: warning: comparison between signed and unsigned integer expressions [-Wsign-compare]
     for (cols = 0; cols <= VGA_WIDTH; cols++){
                         ^~
kernel.c:98:7: warning: unused variable 'high_row' [-Wunused-variable]
   int high_row = 0;
       ^~~~~~~~
kernel.c: In function 'terminal_putchar':
kernel.c:122:20: error: expected expression before '>' token
  if (terminal_row =>VGA_HEIGHT){
                    ^
keyboard.c: In function 'keyboard_to_ascii':
keyboard.c:84:9: warning: comparison is always false due to limited range of data type [-Wtype-limits]
  if(key == POINT_RELEASED) return '.';
         ^~
keyboard.c:85:9: warning: comparison is always false due to limited range of data type [-Wtype-limits]
  if(key == SLASH_RELEASED) return '/';
         ^~
sysv@linux:~/docnotes/OS$ sh kern.sh 
kernel.c: In function 'scroll_up':
kernel.c:99:21: warning: comparison between signed and unsigned integer expressions [-Wsign-compare]
   for (rows = 0;rows<=VGA_HEIGHT;rows++){
                     ^~
kernel.c:100:25: warning: comparison between signed and unsigned integer expressions [-Wsign-compare]
     for (cols = 0; cols <= VGA_WIDTH; cols++){
                         ^~
kernel.c:98:7: warning: unused variable 'high_row' [-Wunused-variable]
   int high_row = 0;
       ^~~~~~~~
kernel.c: In function 'terminal_putchar':
kernel.c:138:23: error: expected expression before '>' token
     if (terminal_row =>VGA_HEIGHT)-1{
                       ^
kernel.c:138:35: warning: statement with no effect [-Wunused-value]
     if (terminal_row =>VGA_HEIGHT)-1{
                                   ^
kernel.c:138:37: error: expected ';' before '{' token
     if (terminal_row =>VGA_HEIGHT)-1{
                                     ^
keyboard.c: In function 'keyboard_to_ascii':
keyboard.c:84:9: warning: comparison is always false due to limited range of data type [-Wtype-limits]
  if(key == POINT_RELEASED) return '.';
         ^~
keyboard.c:85:9: warning: comparison is always false due to limited range of data type [-Wtype-limits]
  if(key == SLASH_RELEASED) return '/';
         ^~
sh kern.sh 
  C-c C-cqemu-system-i386: terminating on signal 2

sysv@linux:~/docnotes/OS$ sh kern.sh 
kernel.c: In function 'scroll_up':
kernel.c:99:21: warning: comparison between signed and unsigned integer expressions [-Wsign-compare]
   for (rows = 0;rows<=VGA_HEIGHT;rows++){
                     ^~
kernel.c:100:25: warning: comparison between signed and unsigned integer expressions [-Wsign-compare]
     for (cols = 0; cols <= VGA_WIDTH; cols++){
                         ^~
kernel.c:98:7: warning: unused variable 'high_row' [-Wunused-variable]
   int high_row = 0;
       ^~~~~~~~
kernel.c: In function 'terminal_putchar':
kernel.c:138:20: error: expected expression before '>' token
  if (terminal_row =>VGA_HEIGHT-1){
                    ^
keyboard.c: In function 'keyboard_to_ascii':
keyboard.c:84:9: warning: comparison is always false due to limited range of data type [-Wtype-limits]
  if(key == POINT_RELEASED) return '.';
         ^~
keyboard.c:85:9: warning: comparison is always false due to limited range of data type [-Wtype-limits]
  if(key == SLASH_RELEASED) return '/';
         ^~
  C-c C-cqemu-system-i386: terminating on signal 2

sysv@linux:~/docnotes/OS$ sh kern.sh 
kernel.c: In function 'scroll_up':
kernel.c:99:21: warning: comparison between signed and unsigned integer expressions [-Wsign-compare]
   for (rows = 0;rows<=VGA_HEIGHT;rows++){
                     ^~
kernel.c:100:25: warning: comparison between signed and unsigned integer expressions [-Wsign-compare]
     for (cols = 0; cols <= VGA_WIDTH; cols++){
                         ^~
kernel.c:98:7: warning: unused variable 'high_row' [-Wunused-variable]
   int high_row = 0;
       ^~~~~~~~
keyboard.c: In function 'keyboard_to_ascii':
keyboard.c:84:9: warning: comparison is always false due to limited range of data type [-Wtype-limits]
  if(key == POINT_RELEASED) return '.';
         ^~
keyboard.c:85:9: warning: comparison is always false due to limited range of data type [-Wtype-limits]
  if(key == SLASH_RELEASED) return '/';
         ^~
         ^~
  C-c C-cqemu-system-i386: terminating on signal 2

sysv@linux:~/docnotes/OS$ LS
The program 'LS' is currently not installed. You can install it by typing:
sudo apt install sl
sysv@linux:~/docnotes/OS$ ls
boot.iso  commands.txt  kernel.o  keyboard.c  loader.s
boot.o    iso           kern.ld   keyboard.o  myos.bin
boot.s    kernel.c      kern.sh   loader      *shell*
sysv@linux:~/docnotes/OS$ rm *shell\* 
sysv@linux:~/docnotes/OS$ git add *
sysv@linux:~/docnotes/OS$ git commit -m "Fixed borrowed terminal code"
[master bb58842] Fixed borrowed terminal code
 7 files changed, 115 insertions(+), 10 deletions(-)
 create mode 100644 OS/boot.iso
 rewrite OS/kernel.o (73%)
 create mode 100644 OS/loader/2loader.s
 create mode 100644 OS/loader/2loader.s~
 delete mode 100755 OS/loader/loader.o
sysv@linux:~/docnotes/OS$ git push origin master
Username for 'https://github.com': keyvin
Password for 'https://keyvin@github.com': keymaster02

Counting objects: 9, done.
Compressing objects: 100% (9/9), done.
Writing objects: 100% (9/9), 1.94 MiB | 113.00 KiB/s, done.
Total 9 (delta 5), reused 0 (delta 0)
remote: Resolving deltas: 100% (5/5), completed with 5 local objects.        
To https://github.com/keyvin/docnotes
   86ce7fd..bb58842  master -> master
sysv@linux:~/docnotes/OS$ 